// Jest Snapshot v1, https://goo.gl/fbAQLP

exports[`Overview Component should be rendered 1`] = `ShallowWrapper {}`;
